[debug] [2026-05-01T18:10:11.260Z] ----------------------------------------------------------------------
[debug] [2026-05-01T18:10:11.262Z] Command:       C:\Program Files\nodejs\node.exe C:\Users\Usuario\node_modules\firebase-tools\lib\bin\firebase.js deploy
[debug] [2026-05-01T18:10:11.263Z] CLI Version:   12.2.1
[debug] [2026-05-01T18:10:11.263Z] Platform:      win32
[debug] [2026-05-01T18:10:11.263Z] Node Version:  v22.12.0
[debug] [2026-05-01T18:10:11.263Z] Time:          Fri May 01 2026 20:10:11 GMT+0200 (hora de verano de Europa central)
[debug] [2026-05-01T18:10:11.263Z] ----------------------------------------------------------------------
[debug] 
[debug] [2026-05-01T18:10:11.266Z] >>> [apiv2][query] GET https://firebase-public.firebaseio.com/cli.json [none]
[debug] [2026-05-01T18:10:11.362Z] > command requires scopes: ["email","openid","https://www.googleapis.com/auth/cloudplatformprojects.readonly","https://www.googleapis.com/auth/firebase","https://www.googleapis.com/auth/cloud-platform"]
[debug] [2026-05-01T18:10:11.362Z] > authorizing via signed-in user (andonibusta9@gmail.com)
[debug] [2026-05-01T18:10:11.362Z] [iam] checking project cuadernofriki for permissions ["firebase.projects.get","firebasehosting.sites.update"]
[debug] [2026-05-01T18:10:11.363Z] > refreshing access token with scopes: []
[debug] [2026-05-01T18:10:11.364Z] >>> [apiv2][query] POST https://www.googleapis.com/oauth2/v3/token [none]
[debug] [2026-05-01T18:10:11.364Z] >>> [apiv2][body] POST https://www.googleapis.com/oauth2/v3/token [omitted]
[debug] [2026-05-01T18:10:11.483Z] <<< [apiv2][status] POST https://www.googleapis.com/oauth2/v3/token 400
[debug] [2026-05-01T18:10:11.484Z] <<< [apiv2][body] POST https://www.googleapis.com/oauth2/v3/token [omitted]
[debug] [2026-05-01T18:10:11.484Z] >>> [apiv2][query] POST https://cloudresourcemanager.googleapis.com/v1/projects/cuadernofriki:testIamPermissions [none]
[debug] [2026-05-01T18:10:11.484Z] >>> [apiv2][(partial)header] POST https://cloudresourcemanager.googleapis.com/v1/projects/cuadernofriki:testIamPermissions x-goog-quota-user=projects/cuadernofriki
[debug] [2026-05-01T18:10:11.484Z] >>> [apiv2][body] POST https://cloudresourcemanager.googleapis.com/v1/projects/cuadernofriki:testIamPermissions {"permissions":["firebase.projects.get","firebasehosting.sites.update"]}
[debug] [2026-05-01T18:10:11.607Z] <<< [apiv2][status] GET https://firebase-public.firebaseio.com/cli.json 200
[debug] [2026-05-01T18:10:11.607Z] <<< [apiv2][body] GET https://firebase-public.firebaseio.com/cli.json {"cloudBuildErrorAfter":1594252800000,"cloudBuildWarnAfter":1590019200000,"defaultNode10After":1594252800000,"minVersion":"3.0.5","node8DeploysDisabledAfter":1613390400000,"node8RuntimeDisabledAfter":1615809600000,"node8WarnAfter":1600128000000}
[debug] [2026-05-01T18:10:11.693Z] <<< [apiv2][status] POST https://cloudresourcemanager.googleapis.com/v1/projects/cuadernofriki:testIamPermissions 401
[debug] [2026-05-01T18:10:11.693Z] <<< [apiv2][body] POST https://cloudresourcemanager.googleapis.com/v1/projects/cuadernofriki:testIamPermissions {"error":{"code":401,"message":"Request had invalid authentication credentials. Expected OAuth 2 access token, login cookie or other valid authentication credential. See https://developers.google.com/identity/sign-in/web/devconsole-project.","status":"UNAUTHENTICATED","details":[{"@type":"type.googleapis.com/google.rpc.ErrorInfo","reason":"ACCESS_TOKEN_TYPE_UNSUPPORTED","metadata":{"method":"google.cloudresourcemanager.v1.Projects.TestIamPermissions","service":"cloudresourcemanager.googleapis.com"}}]}}
[debug] [2026-05-01T18:10:11.694Z] [iam] error while checking permissions, command may fail: FirebaseError: HTTP Error: 401, Request had invalid authentication credentials. Expected OAuth 2 access token, login cookie or other valid authentication credential. See https://developers.google.com/identity/sign-in/web/devconsole-project.
[debug] [2026-05-01T18:10:11.694Z] > refreshing access token with scopes: []
[debug] [2026-05-01T18:10:11.695Z] >>> [apiv2][query] POST https://www.googleapis.com/oauth2/v3/token [none]
[debug] [2026-05-01T18:10:11.695Z] >>> [apiv2][body] POST https://www.googleapis.com/oauth2/v3/token [omitted]
[debug] [2026-05-01T18:10:11.742Z] <<< [apiv2][status] POST https://www.googleapis.com/oauth2/v3/token 400
[debug] [2026-05-01T18:10:11.742Z] <<< [apiv2][body] POST https://www.googleapis.com/oauth2/v3/token [omitted]
[debug] [2026-05-01T18:10:11.743Z] >>> [apiv2][query] GET https://firebase.googleapis.com/v1beta1/projects/cuadernofriki [none]
[debug] [2026-05-01T18:10:11.864Z] <<< [apiv2][status] GET https://firebase.googleapis.com/v1beta1/projects/cuadernofriki 401
[debug] [2026-05-01T18:10:11.864Z] <<< [apiv2][body] GET https://firebase.googleapis.com/v1beta1/projects/cuadernofriki {"error":{"code":401,"message":"Request had invalid authentication credentials. Expected OAuth 2 access token, login cookie or other valid authentication credential. See https://developers.google.com/identity/sign-in/web/devconsole-project.","status":"UNAUTHENTICATED"}}
[debug] [2026-05-01T18:10:11.865Z] HTTP Error: 401, Request had invalid authentication credentials. Expected OAuth 2 access token, login cookie or other valid authentication credential. See https://developers.google.com/identity/sign-in/web/devconsole-project.
[debug] [2026-05-01T18:10:11.953Z] FirebaseError: HTTP Error: 401, Request had invalid authentication credentials. Expected OAuth 2 access token, login cookie or other valid authentication credential. See https://developers.google.com/identity/sign-in/web/devconsole-project.
    at responseToError (C:\Users\Usuario\node_modules\firebase-tools\lib\responseToError.js:49:12)
    at RetryOperation._fn (C:\Users\Usuario\node_modules\firebase-tools\lib\apiv2.js:288:77)
    at process.processTicksAndRejections (node:internal/process/task_queues:105:5)
[error] 
[error] Error: Failed to get Firebase project cuadernofriki. Please make sure the project exists and your account has permission to access it.
